[    0.000000] Initializing cgroup subsys cpuset
[    0.000000] Initializing cgroup subsys cpu
[    0.000000] Initializing cgroup subsys cpuacct
[    0.000000] Linux version 4.4.0-210-generic (buildd@lgw01-amd64-009) (gcc version 5.4.0 20160609 (Ubuntu 5.4.0-6ubuntu1~16.04.12) ) #242-Ubuntu SMP Fri Apr 16 09:57:56 UTC 2021 (Ubuntu 4.4.0-210.242-generic 4.4.262)
[    0.000000] Command line: BOOT_IMAGE=/boot/vmlinuz-4.4.0-210-generic root=LABEL=cloudimg-rootfs ro console=tty1 console=ttyS0
[    0.000000] KERNEL supported cpus:
[    0.000000]   Intel GenuineIntel
[    0.000000]   AMD AuthenticAMD
[    0.000000]   Centaur CentaurHauls
[    0.000000] [Firmware Bug]: TSC doesn't count with P0 frequency!
[    0.000000] x86/fpu: xstate_offset[2]:  576, xstate_sizes[2]:  256
[    0.000000] x86/fpu: Supporting XSAVE feature 0x01: 'x87 floating point registers'
[    0.000000] x86/fpu: Supporting XSAVE feature 0x02: 'SSE registers'
[    0.000000] x86/fpu: Supporting XSAVE feature 0x04: 'AVX registers'
[    0.000000] x86/fpu: Enabled xstate features 0x7, context size is 832 bytes, using 'standard' format.
[    0.000000] e820: BIOS-provided physical RAM map:
[    0.000000] BIOS-e820: [mem 0x0000000000000000-0x000000000009fbff] usable
[    0.000000] BIOS-e820: [mem 0x000000000009fc00-0x000000000009ffff] reserved
[    0.000000] BIOS-e820: [mem 0x00000000000f0000-0x00000000000fffff] reserved
[    0.000000] BIOS-e820: [mem 0x0000000000100000-0x000000003ffeffff] usable
[    0.000000] BIOS-e820: [mem 0x000000003fff0000-0x000000003fffffff] ACPI data
[    0.000000] BIOS-e820: [mem 0x00000000fec00000-0x00000000fec00fff] reserved
[    0.000000] BIOS-e820: [mem 0x00000000fee00000-0x00000000fee00fff] reserved
[    0.000000] BIOS-e820: [mem 0x00000000fffc0000-0x00000000ffffffff] reserved
[    0.000000] NX (Execute Disable) protection: active
[    0.000000] SMBIOS 2.5 present.
[    0.000000] Hypervisor detected: KVM
[    0.000000] Kernel/User page tables isolation: disabled
[    0.000000] e820: last_pfn = 0x3fff0 max_arch_pfn = 0x400000000
[    0.000000] MTRR: Disabled
[    0.000000] x86/PAT: MTRRs disabled, skipping PAT initialization too.
[    0.000000] CPU MTRRs all blank - virtualized system.
[    0.000000] x86/PAT: Configuration [0-7]: WB  WT  UC- UC  WB  WT  UC- UC  
[    0.000000] found SMP MP-table at [mem 0x0009fff0-0x0009ffff] mapped at [ffff88000009fff0]
[    0.000000] Scanning 1 areas for low memory corruption
[    0.000000] RAMDISK: [mem 0x362dc000-0x37165fff]
[    0.000000] ACPI: Early table checksum verification disabled
[    0.000000] ACPI: RSDP 0x00000000000E0000 000024 (v02 VBOX  )
[    0.000000] ACPI: XSDT 0x000000003FFF0030 00003C (v01 VBOX   VBOXXSDT 00000001 ASL  00000061)
[    0.000000] ACPI: FACP 0x000000003FFF00F0 0000F4 (v04 VBOX   VBOXFACP 00000001 ASL  00000061)
[    0.000000] ACPI: DSDT 0x000000003FFF0470 002325 (v02 VBOX   VBOXBIOS 00000002 INTL 20100528)
[    0.000000] ACPI: FACS 0x000000003FFF0200 000040
[    0.000000] ACPI: FACS 0x000000003FFF0200 000040
[    0.000000] ACPI: APIC 0x000000003FFF0240 00005C (v02 VBOX   VBOXAPIC 00000001 ASL  00000061)
[    0.000000] ACPI: SSDT 0x000000003FFF02A0 0001CC (v01 VBOX   VBOXCPUT 00000002 INTL 20100528)
[    0.000000] No NUMA configuration found
[    0.000000] Faking a node at [mem 0x0000000000000000-0x000000003ffeffff]
[    0.000000] NODE_DATA(0) allocated [mem 0x3ffeb000-0x3ffeffff]
[    0.000000] kvm-clock: Using msrs 4b564d01 and 4b564d00
[    0.000000] kvm-clock: cpu 0, msr 0:3ffe3001, primary cpu clock
[    0.000000] kvm-clock: using sched offset of 3062291669 cycles
[    0.000000] clocksource: kvm-clock: mask: 0xffffffffffffffff max_cycles: 0x1cd42e4dffb, max_idle_ns: 881590591483 ns
[    0.000000] Zone ranges:
[    0.000000]   DMA      [mem 0x0000000000001000-0x0000000000ffffff]
[    0.000000]   DMA32    [mem 0x0000000001000000-0x000000003ffeffff]
[    0.000000]   Normal   empty
[    0.000000]   Device   empty
[    0.000000] Movable zone start for each node
[    0.000000] Early memory node ranges
[    0.000000]   node   0: [mem 0x0000000000001000-0x000000000009efff]
[    0.000000]   node   0: [mem 0x0000000000100000-0x000000003ffeffff]
[    0.000000] Initmem setup node 0 [mem 0x0000000000001000-0x000000003ffeffff]
[    0.000000] ACPI: PM-Timer IO Port: 0x4008
[    0.000000] IOAPIC[0]: apic_id 2, version 32, address 0xfec00000, GSI 0-23
[    0.000000] ACPI: INT_SRC_OVR (bus 0 bus_irq 0 global_irq 2 dfl dfl)
[    0.000000] ACPI: INT_SRC_OVR (bus 0 bus_irq 9 global_irq 9 low level)
[    0.000000] Using ACPI (MADT) for SMP configuration information
[    0.000000] smpboot: Allowing 2 CPUs, 0 hotplug CPUs
[    0.000000] PM: Registered nosave memory: [mem 0x00000000-0x00000fff]
[    0.000000] PM: Registered nosave memory: [mem 0x0009f000-0x0009ffff]
[    0.000000] PM: Registered nosave memory: [mem 0x000a0000-0x000effff]
[    0.000000] PM: Registered nosave memory: [mem 0x000f0000-0x000fffff]
[    0.000000] e820: [mem 0x40000000-0xfebfffff] available for PCI devices
[    0.000000] Booting paravirtualized kernel on KVM
[    0.000000] clocksource: refined-jiffies: mask: 0xffffffff max_cycles: 0xffffffff, max_idle_ns: 7645519600211568 ns
[    0.000000] setup_percpu: NR_CPUS:512 nr_cpumask_bits:512 nr_cpu_ids:2 nr_node_ids:1
[    0.000000] PERCPU: Embedded 33 pages/cpu @ffff88003fc00000 s95192 r8192 d31784 u1048576
[    0.000000] Built 1 zonelists in Node order, mobility grouping on.  Total pages: 257912
[    0.000000] Policy zone: DMA32
[    0.000000] Kernel command line: BOOT_IMAGE=/boot/vmlinuz-4.4.0-210-generic root=LABEL=cloudimg-rootfs ro console=tty1 console=ttyS0
[    0.000000] PID hash table entries: 4096 (order: 3, 32768 bytes)
[    0.000000] Memory: 997792K/1048120K available (8644K kernel code, 1332K rwdata, 4044K rodata, 1492K init, 1164K bss, 50328K reserved, 0K cma-reserved)
[    0.000000] SLUB: HWalign=64, Order=0-3, MinObjects=0, CPUs=2, Nodes=1
[    0.000000] Hierarchical RCU implementation.
[    0.000000] 	Build-time adjustment of leaf fanout to 64.
[    0.000000] 	RCU restricting CPUs from NR_CPUS=512 to nr_cpu_ids=2.
[    0.000000] RCU: Adjusting geometry for rcu_fanout_leaf=64, nr_cpu_ids=2
[    0.000000] NR_IRQS:33024 nr_irqs:440 16
[    0.000000] Console: colour VGA+ 80x25
[    0.000000] console [tty1] enabled
[    0.000000] console [ttyS0] enabled
[    0.000000] tsc: Detected 3293.796 MHz processor
[    0.077120] Calibrating delay loop (skipped) preset value.. 6587.59 BogoMIPS (lpj=13175184)
[    0.078038] pid_max: default: 32768 minimum: 301
[    0.078555] ACPI: Core revision 20150930
[    0.079472] ACPI: 2 ACPI AML tables successfully acquired and loaded
[    0.080176] Security Framework initialized
[    0.080657] Yama: becoming mindful.
[    0.081060] AppArmor: AppArmor initialized
[    0.081561] Dentry cache hash table entries: 131072 (order: 8, 1048576 bytes)
[    0.082316] Inode-cache hash table entries: 65536 (order: 7, 524288 bytes)
[    0.084105] Mount-cache hash table entries: 2048 (order: 2, 16384 bytes)
[    0.084749] Mountpoint-cache hash table entries: 2048 (order: 2, 16384 bytes)
[    0.085518] Initializing cgroup subsys io
[    0.085958] Initializing cgroup subsys memory
[    0.086426] Initializing cgroup subsys devices
[    0.086889] Initializing cgroup subsys freezer
[    0.087356] Initializing cgroup subsys net_cls
[    0.087820] Initializing cgroup subsys perf_event
[    0.088308] Initializing cgroup subsys net_prio
[    0.088777] Initializing cgroup subsys hugetlb
[    0.089261] Initializing cgroup subsys pids
[    0.089897] mce: CPU supports 0 MCE banks
[    0.090347] Last level iTLB entries: 4KB 512, 2MB 512, 4MB 256
[    0.090907] Last level dTLB entries: 4KB 2048, 2MB 2048, 4MB 1024, 1GB 0
[    0.091555] Spectre V1 : Mitigation: usercopy/swapgs barriers and __user pointer sanitization
[    0.092431] Spectre V2 : Spectre mitigation: LFENCE not serializing, switching to generic retpoline
[    0.093348] Spectre V2 : Mitigation: Full generic retpoline
[    0.093892] Spectre V2 : Spectre v2 / SpectreRSB mitigation: Filling RSB on context switch
[    0.096537] Freeing SMP alternatives memory: 36K
[    0.101326] ftrace: allocating 32380 entries in 127 pages
[    0.139645] smpboot: APIC(0) Converting physical 0 to logical package 0
[    0.140388] smpboot: Max logical packages: 1
[    0.141047] x2apic enabled
[    0.141530] Switched APIC routing to physical x2apic.
[    0.142761] ..TIMER: vector=0x30 apic1=0 pin1=2 apic2=-1 pin2=-1
[    0.251403] APIC calibration not consistent with PM-Timer: 106ms instead of 100ms
[    0.252272] APIC delta adjusted to PM-Timer: 6278466 (6673289)
[    0.252896] smpboot: CPU0: AMD Ryzen 9 5900HS with Radeon Graphics (family: 0x19, model: 0x50, stepping: 0x0)
[    0.254045] Performance Events: Broken PMU hardware detected, using software events only.
[    0.255013] Failed to access perfctr msr (MSR c0010007 is 0)
[    0.260300] KVM setup paravirtual spinlock
[    0.261349] x86: Booting SMP configuration:
[    0.261851] .... node  #0, CPUs:      #1
[    0.262383] kvm-clock: cpu 1, msr 0:3ffe3041, secondary cpu clock
[    0.263082] mce: CPU supports 0 MCE banks
[    0.265360] x86: Booted up 1 node, 2 CPUs
[    0.265935] smpboot: Total of 2 processors activated (13175.18 BogoMIPS)
[    0.266867] devtmpfs: initialized
[    0.268118] evm: security.selinux
[    0.268523] evm: security.SMACK64
[    0.268917] evm: security.SMACK64EXEC
[    0.269341] evm: security.SMACK64TRANSMUTE
[    0.269834] evm: security.SMACK64MMAP
[    0.270258] evm: security.ima
[    0.270631] evm: security.capability
[    0.271952] clocksource: jiffies: mask: 0xffffffff max_cycles: 0xffffffff, max_idle_ns: 7645041785100000 ns
[    0.273128] futex hash table entries: 512 (order: 3, 32768 bytes)
[    0.273853] pinctrl core: initialized pinctrl subsystem
[    0.274484] RTC time: 17:04:36, date: 08/15/22
[    0.275080] NET: Registered protocol family 16
[    0.285059] cpuidle: using governor ladder
[    0.297638] cpuidle: using governor menu
[    0.298270] PCCT header not found.
[    0.299029] ACPI: bus type PCI registered
[    0.299479] acpiphp: ACPI Hot Plug PCI Controller Driver version: 0.5
[    0.300168] PCI: Using configuration type 1 for base access
[    0.300739] PCI: Using configuration type 1 for extended access
[    0.314923] ACPI: Added _OSI(Module Device)
[    0.315584] ACPI: Added _OSI(Processor Device)
[    0.316156] ACPI: Added _OSI(3.0 _SCP Extensions)
[    0.316665] ACPI: Added _OSI(Processor Aggregator Device)
[    0.317530] ACPI: Executed 1 blocks of module-level executable AML code
[    0.319216] ACPI: Interpreter enabled
[    0.319650] ACPI: (supports S0 S5)
[    0.320051] ACPI: Using IOAPIC for interrupt routing
[    0.320841] PCI: Using host bridge windows from ACPI; if necessary, use "pci=nocrs" and report a bug
[    0.323550] ACPI: PCI Root Bridge [PCI0] (domain 0000 [bus 00-ff])
[    0.324165] acpi PNP0A03:00: _OSC: OS supports [ExtendedConfig ASPM ClockPM Segments MSI]
[    0.325308] acpi PNP0A03:00: _OSC: platform does not support [PCIeCapability]
[    0.326168] acpi PNP0A03:00: _OSC: not requesting control; platform does not support [PCIeCapability]
[    0.327130] acpi PNP0A03:00: _OSC: OS requested [PCIeHotplug PME AER PCIeCapability]
[    0.327965] acpi PNP0A03:00: _OSC: platform willing to grant [PCIeHotplug PME AER]
[    0.328785] acpi PNP0A03:00: _OSC failed (AE_SUPPORT); disabling ASPM
[    0.329620] PCI host bridge to bus 0000:00
[    0.335160] pci_bus 0000:00: root bus resource [io  0x0000-0x0cf7 window]
[    0.335885] pci_bus 0000:00: root bus resource [io  0x0d00-0xffff window]
[    0.336550] pci_bus 0000:00: root bus resource [mem 0x000a0000-0x000bffff window]
[    0.337535] pci_bus 0000:00: root bus resource [mem 0x40000000-0xfdffffff window]
[    0.338403] pci_bus 0000:00: root bus resource [bus 00-ff]
[    0.340075] pci 0000:00:01.1: legacy IDE quirk: reg 0x10: [io  0x01f0-0x01f7]
[    0.340769] pci 0000:00:01.1: legacy IDE quirk: reg 0x14: [io  0x03f6]
[    0.341410] pci 0000:00:01.1: legacy IDE quirk: reg 0x18: [io  0x0170-0x0177]
[    0.342125] pci 0000:00:01.1: legacy IDE quirk: reg 0x1c: [io  0x0376]
[    0.348260] pci 0000:00:07.0: quirk: [io  0x4000-0x403f] claimed by PIIX4 ACPI
[    0.349081] pci 0000:00:07.0: quirk: [io  0x4100-0x410f] claimed by PIIX4 SMB
[    0.353305] ACPI: PCI Interrupt Link [LNKA] (IRQs 5 9 10 *11)
[    0.354295] ACPI: PCI Interrupt Link [LNKB] (IRQs 5 9 *10 11)
[    0.355149] ACPI: PCI Interrupt Link [LNKC] (IRQs 5 *9 10 11)
[    0.355996] ACPI: PCI Interrupt Link [LNKD] (IRQs 5 9 10 *11)
[    0.356871] ACPI: Enabled 2 GPEs in block 00 to 07
[    0.357634] vgaarb: setting as boot device: PCI:0000:00:02.0
[    0.358190] vgaarb: device added: PCI:0000:00:02.0,decodes=io+mem,owns=io+mem,locks=none
[    0.359030] vgaarb: loaded
[    0.359371] vgaarb: bridge control possible 0000:00:02.0
[    0.360035] SCSI subsystem initialized
[    0.360557] ACPI: bus type USB registered
[    0.361146] usbcore: registered new interface driver usbfs
[    0.361834] usbcore: registered new interface driver hub
[    0.362399] usbcore: registered new device driver usb
[    0.363077] PCI: Using ACPI for IRQ routing
[    0.363719] NetLabel: Initializing
[    0.364138] NetLabel:  domain hash size = 128
[    0.364599] NetLabel:  protocols = UNLABELED CIPSOv4
[    0.365132] NetLabel:  unlabeled traffic allowed by default
[    0.365761] amd_nb: Cannot enumerate AMD northbridges
[    0.366307] clocksource: Switched to clocksource kvm-clock
[    0.371386] AppArmor: AppArmor Filesystem Enabled
[    0.371989] pnp: PnP ACPI init
[    0.372822] pnp: PnP ACPI: found 3 devices
[    0.380209] clocksource: acpi_pm: mask: 0xffffff max_cycles: 0xffffff, max_idle_ns: 2085701024 ns
[    0.381175] NET: Registered protocol family 2
[    0.381776] TCP established hash table entries: 8192 (order: 4, 65536 bytes)
[    0.382659] TCP bind hash table entries: 8192 (order: 5, 131072 bytes)
[    0.383428] TCP: Hash tables configured (established 8192 bind 8192)
[    0.384064] UDP hash table entries: 512 (order: 2, 16384 bytes)
[    0.384653] UDP-Lite hash table entries: 512 (order: 2, 16384 bytes)
[    0.385288] NET: Registered protocol family 1
[    0.385774] pci 0000:00:00.0: Limiting direct PCI/PCI transfers
[    0.386370] pci 0000:00:01.0: Activating ISA DMA hang workarounds
[    0.387853] Unpacking initramfs...
[    0.516846] Freeing initrd memory: 14888K
[    0.517454] clocksource: tsc: mask: 0xffffffffffffffff max_cycles: 0x2f7a67c8fbd, max_idle_ns: 440795361557 ns
[    0.518511] platform rtc_cmos: registered platform RTC device (no PNP device found)
[    0.519398] Scanning for low memory corruption every 60 seconds
[    0.520454] audit: initializing netlink subsys (disabled)
[    0.521032] audit: type=2000 audit(1660583080.615:1): initialized
[    0.521777] Initialise system trusted keyring
[    0.522351] HugeTLB registered 2 MB page size, pre-allocated 0 pages
[    0.523566] zbud: loaded
[    0.524134] VFS: Disk quotas dquot_6.6.0
[    0.524710] VFS: Dquot-cache hash table entries: 512 (order 0, 4096 bytes)
[    0.525548] squashfs: version 4.0 (2009/01/31) Phillip Lougher
[    0.527371] fuse init (API version 7.23)
[    0.527937] Key type big_key registered
[    0.528411] Allocating IMA MOK and blacklist keyrings.
[    0.529703] Key type asymmetric registered
[    0.530305] Asymmetric key parser 'x509' registered
[    0.530919] Block layer SCSI generic (bsg) driver version 0.4 loaded (major 249)
[    0.531880] io scheduler noop registered
[    0.532445] io scheduler deadline registered (default)
[    0.533153] io scheduler cfq registered
[    0.533709] pci_hotplug: PCI Hot Plug PCI Core version: 0.5
[    0.534306] pciehp: PCI Express Hot Plug Controller Driver version: 0.4
[    0.535072] ACPI: AC Adapter [AC] (on-line)
[    0.535570] input: Power Button as /devices/LNXSYSTM:00/LNXPWRBN:00/input/input0
[    0.536396] ACPI: Power Button [PWRF]
[    0.536885] input: Sleep Button as /devices/LNXSYSTM:00/LNXSLPBN:00/input/input1
[    0.537771] ACPI: Sleep Button [SLPF]
[    0.538452] GHES: HEST is not enabled!
[    0.538842] ACPI: Battery Slot [BAT0] (battery present)
[    0.539582] Serial: 8250/16550 driver, 32 ports, IRQ sharing enabled
[    0.560517] 00:02: ttyS0 at I/O 0x3f8 (irq = 4, base_baud = 115200) is a 16550A
[    0.562701] Linux agpgart interface v0.103
[    0.564219] loop: module loaded
[    0.564919] scsi host0: ata_piix
[    0.565404] scsi host1: ata_piix
[    0.565812] ata1: PATA max UDMA/33 cmd 0x1f0 ctl 0x3f6 bmdma 0xd000 irq 14
[    0.566473] ata2: PATA max UDMA/33 cmd 0x170 ctl 0x376 bmdma 0xd008 irq 15
[    0.567161] libphy: Fixed MDIO Bus: probed
[    0.567613] tun: Universal TUN/TAP device driver, 1.6
[    0.568130] tun: (C) 1999-2004 Max Krasnyansky <maxk@qualcomm.com>
[    0.568753] PPP generic driver version 2.4.2
[    0.569304] ehci_hcd: USB 2.0 'Enhanced' Host Controller (EHCI) Driver
[    0.569952] ehci-pci: EHCI PCI platform driver
[    0.570434] ehci-platform: EHCI generic platform driver
[    0.571021] ohci_hcd: USB 1.1 'Open' Host Controller (OHCI) Driver
[    0.571674] ohci-pci: OHCI PCI platform driver
[    0.572154] ohci-platform: OHCI generic platform driver
[    0.572691] uhci_hcd: USB Universal Host Controller Interface driver
[    0.573352] i8042: PNP: PS/2 Controller [PNP0303:PS2K,PNP0f03:PS2M] at 0x60,0x64 irq 1,12
[    0.574553] serio: i8042 KBD port at 0x60,0x64 irq 1
[    0.575111] serio: i8042 AUX port at 0x60,0x64 irq 12
[    0.575762] mousedev: PS/2 mouse device common for all mice
[    0.576650] rtc_cmos rtc_cmos: rtc core: registered rtc_cmos as rtc0
[    0.577311] rtc_cmos rtc_cmos: alarms up to one day, 114 bytes nvram
[    0.578086] i2c /dev entries driver
[    0.578607] device-mapper: uevent: version 1.0.3
[    0.579160] device-mapper: ioctl: 4.34.0-ioctl (2015-10-28) initialised: dm-devel@redhat.com
[    0.580075] ledtrig-cpu: registered to indicate activity on CPUs
[    0.580703] input: AT Translated Set 2 keyboard as /devices/platform/i8042/serio0/input/input2
[    0.581931] NET: Registered protocol family 10
[    0.582564] NET: Registered protocol family 17
[    0.583061] Key type dns_resolver registered
[    0.583752] registered taskstats version 1
[    0.584209] Loading compiled-in X.509 certificates
[    0.585040] Loaded X.509 cert 'Build time autogenerated kernel key: cf00e047681d67edb2720680708b7d9498083038'
[    0.586033] zswap: loaded using pool lzo/zbud
[    0.587596] Key type trusted registered
[    0.589586] Key type encrypted registered
[    0.590042] AppArmor: AppArmor sha1 policy hashing enabled
[    0.590615] ima: No TPM chip found, activating TPM-bypass!
[    0.591168] ima: Allocated hash algorithm: sha1
[    0.591655] evm: HMAC attrs: 0x1
[    0.592285]   Magic number: 2:456:87
[    0.592869] button LNXPWRBN:00: hash matches
[    0.593479] rtc_cmos rtc_cmos: setting system clock to 2022-08-15 17:04:36 UTC (1660583076)
[    0.594511] BIOS EDD facility v0.16 2004-Jun-25, 0 devices found
[    0.595267] EDD information not available.
[    0.746019] Freeing unused kernel memory: 1492K
[    0.746679] Write protecting the kernel read-only data: 14336k
[    0.747537] Freeing unused kernel memory: 1584K
[    0.748087] Freeing unused kernel memory: 52K
Loading, please wait...
starting version 229
[    0.755291] random: systemd-udevd: uninitialized urandom read (16 bytes read, 4 bits of entropy available)
[    0.755649] random: udevadm: uninitialized urandom read (16 bytes read, 4 bits of entropy available)
[    0.755659] random: udevadm: uninitialized urandom read (16 bytes read, 4 bits of entropy available)
[    0.758222] random: systemd-udevd: uninitialized urandom read (16 bytes read, 4 bits of entropy available)
[    0.759299] random: systemd-udevd: uninitialized urandom read (16 bytes read, 4 bits of entropy available)
[    0.760267] random: udevadm: uninitialized urandom read (16 bytes read, 4 bits of entropy available)
[    0.760291] random: udevadm: uninitialized urandom read (16 bytes read, 4 bits of entropy available)
[    0.760379] random: udevadm: uninitialized urandom read (16 bytes read, 4 bits of entropy available)
[    0.760404] random: udevadm: uninitialized urandom read (16 bytes read, 4 bits of entropy available)
[    0.760428] random: udevadm: uninitialized urandom read (16 bytes read, 4 bits of entropy available)
[    0.781500] e1000: Intel(R) PRO/1000 Network Driver - version 7.3.21-k8-NAPI
[    0.782216] e1000: Copyright (c) 1999-2006 Intel Corporation.
[    0.784542] Fusion MPT base driver 3.04.20
[    0.785046] Copyright (c) 1999-2008 LSI Corporation
[    0.788082] Fusion MPT SPI Host driver 3.04.20
[    0.793752] AVX2 version of gcm_enc/dec engaged.
[    0.794266] AES CTR mode by8 optimization enabled
[    1.005850] input: ImExPS/2 Generic Explorer Mouse as /devices/platform/i8042/serio1/input/input4
[    1.380823] e1000 0000:00:03.0 eth0: (PCI:33MHz:32-bit) 02:be:82:6b:cc:1d
[    1.381577] e1000 0000:00:03.0 eth0: Intel(R) PRO/1000 Network Connection
[    1.382666] mptbase: ioc0: Initiating bringup
[    1.843383] ioc0: LSI53C1030 A0: Capabilities={Initiator}
[    2.943888] scsi host2: ioc0: LSI53C1030 A0, FwRev=00000000h, Ports=1, MaxQ=256, IRQ=20
[    3.054831] scsi 2:0:0:0: Direct-Access     VBOX     HARDDISK         1.0  PQ: 0 ANSI: 5
[    3.061305] scsi target2:0:0: Beginning Domain Validation
[    3.062825] scsi target2:0:0: Domain Validation skipping write tests
[    3.063458] scsi target2:0:0: Ending Domain Validation
[    3.064005] scsi target2:0:0: asynchronous
[    3.064792] scsi 2:0:1:0: Direct-Access     VBOX     HARDDISK         1.0  PQ: 0 ANSI: 5
[    3.065739] scsi target2:0:1: Beginning Domain Validation
[    3.066646] scsi target2:0:1: Domain Validation skipping write tests
[    3.067271] scsi target2:0:1: Ending Domain Validation
[    3.067831] scsi target2:0:1: asynchronous
[    3.071720] sd 2:0:0:0: [sda] 83886080 512-byte logical blocks: (42.9 GB/40.0 GiB)
[    3.072644] sd 2:0:0:0: Attached scsi generic sg0 type 0
[    3.073239] sd 2:0:0:0: [sda] Write Protect is off
[    3.073997] sd 2:0:0:0: [sda] Incomplete mode parameter data
[    3.074005] sd 2:0:1:0: Attached scsi generic sg1 type 0
[    3.075137] sd 2:0:0:0: [sda] Assuming drive cache: write through
[    3.075745] sd 2:0:1:0: [sdb] 20480 512-byte logical blocks: (10.5 MB/10.0 MiB)
[    3.076802] sd 2:0:1:0: [sdb] Write Protect is off
[    3.077308]  sda: sda1
[    3.077984] sd 2:0:1:0: [sdb] Incomplete mode parameter data
[    3.078123] sd 2:0:0:0: [sda] Attached SCSI disk
[    3.079127] sd 2:0:1:0: [sdb] Assuming drive cache: write through
[    3.081400] sd 2:0:1:0: [sdb] Attached SCSI disk
[    3.377361] e1000 0000:00:08.0 eth1: (PCI:33MHz:32-bit) 08:00:27:5b:13:1b
[    3.378072] e1000 0000:00:08.0 eth1: Intel(R) PRO/1000 Network Connection
[    3.379432] e1000 0000:00:08.0 enp0s8: renamed from eth1
[    3.390618] e1000 0000:00:03.0 enp0s3: renamed from eth0
Begin: Loading essential drivers ... [    4.585552] md: linear personality registered for level -1
[    4.587662] md: multipath personality registered for level -4
[    4.589780] md: raid0 personality registered for level 0
[    4.591944] md: raid1 personality registered for level 1
[    4.659450] raid6: sse2x1   gen()  8587 MB/s
[    4.727837] raid6: sse2x1   xor() 14000 MB/s
[    4.795268] raid6: sse2x2   gen() 16442 MB/s
[    4.862718] raid6: sse2x2   xor() 17883 MB/s
[    4.931307] raid6: sse2x4   gen() 15463 MB/s
[    5.000264] raid6: sse2x4   xor() 12972 MB/s
[    5.068173] raid6: avx2x1   gen() 19781 MB/s
[    5.134619] raid6: avx2x2   gen() 33406 MB/s
[    5.203991] raid6: avx2x4   gen() 38338 MB/s
[    5.204530] raid6: using algorithm avx2x4 gen() 38338 MB/s
[    5.205230] raid6: using avx2x2 recovery algorithm
[    5.206543] xor: automatically using best checksumming function:
[    5.246524]    avx       : 19111.000 MB/sec
[    5.247669] async_tx: api initialized (async)
[    5.252800] md: raid6 personality registered for level 6
[    5.253381] md: raid5 personality registered for level 5
[    5.253942] md: raid4 personality registered for level 4
[    5.257568] md: raid10 personality registered for level 10
done.
Begin: Running /scripts/init-premount ... done.
Begin: Mounting root file system ... Begin: Running /scripts/local-top ... done.
Begin: Running /scripts/local-premount ... [    5.273513] Btrfs loaded
Scanning for Btrfs filesystems
done.
Warning: fsck not present, so skipping root file system
[    5.292346] EXT4-fs (sda1): mounted filesystem with ordered data mode. Opts: (null)
done.
Begin: Running /scripts/local-bottom ... done.
Begin: Running /scripts/init-bottom ... done.
[    5.350257] systemd[1]: systemd 229 running in system mode. (+PAM +AUDIT +SELINUX +IMA +APPARMOR +SMACK +SYSVINIT +UTMP +LIBCRYPTSETUP +GCRYPT +GNUTLS +ACL +XZ -LZ4 +SECCOMP +BLKID +ELFUTILS +KMOD -IDN)
[    5.352032] systemd[1]: Detected virtualization oracle.
[    5.352575] systemd[1]: Detected architecture x86-64.

Welcome to [1mUbuntu 16.04.7 LTS[0m!

[    5.354899] systemd[1]: Set hostname to <ubuntu-xenial>.
[    5.440633] systemd[1]: Listening on Syslog Socket.
[[0;32m  OK  [0m] Listening on Syslog Socket.
[    5.441721] systemd[1]: Started Trigger resolvconf update for networkd DNS.
[[0;32m  OK  [0m] Started Trigger resolvconf update for networkd DNS.
[    5.442952] systemd[1]: Reached target User and Group Name Lookups.
[[0;32m  OK  [0m] Reached target User and Group Name Lookups.
[    5.444128] systemd[1]: Listening on fsck to fsckd communication Socket.
[[0;32m  OK  [0m] Listening on fsck to fsckd communication Socket.
[    5.445307] systemd[1]: Reached target System Time Synchronized.
[[0;32m  OK  [0m] Reached target System Time Synchronized.
[    5.446557] systemd[1]: Set up automount Arbitrary Executable File Formats File System Automount Point.
[[0;32m  OK  [0m] Set up automount Arbitrary Executab...ats File System Automount Point.
[    5.448219] systemd[1]: Listening on LVM2 metadata daemon socket.
[[0;32m  OK  [0m] Listening on LVM2 metadata daemon socket.
[    5.449377] systemd[1]: Listening on Journal Socket (/dev/log).
[[0;32m  OK  [0m] Listening on Journal Socket (/dev/log).
[    5.450790] systemd[1]: Listening on /dev/initctl Compatibility Named Pipe.
[[0;32m  OK  [0m] Listening on /dev/initctl Compatibility Named Pipe.
[    5.452044] systemd[1]: Reached target Encrypted Volumes.
[[0;32m  OK  [0m] Reached target Encrypted Volumes.
[    5.453098] systemd[1]: Listening on LVM2 poll daemon socket.
[[0;32m  OK  [0m] Listening on LVM2 poll daemon socket.
[    5.454340] systemd[1]: Created slice System Slice.
[[0;32m  OK  [0m] Created slice System Slice.
[    5.455479] systemd[1]: Created slice system-serial\x2dgetty.slice.
[[0;32m  OK  [0m] Created slice system-serial\x2dgetty.slice.
[    5.456676] systemd[1]: Listening on Journal Audit Socket.
[[0;32m  OK  [0m] Listening on Journal Audit Socket.
[    5.457802] systemd[1]: Reached target Swap.
[[0;32m  OK  [0m] Reached target Swap.
[    5.458928] systemd[1]: Listening on Journal Socket.
[[0;32m  OK  [0m] Listening on Journal Socket.
[    5.475137] systemd[1]: Mounting POSIX Message Queue File System...
         Mounting POSIX Message Queue File System...
[    5.476843] systemd[1]: Starting Uncomplicated firewall...
         Starting Uncomplicated firewall...
[    5.479735] systemd[1]: Starting Load Kernel Modules...
         Starting Load Kernel Modules...
[    5.481109] systemd[1]: Starting Create list of required static device nodes for the current kernel...
         Starting Create list of required st... nodes for the current kernel...
[    5.483534] systemd[1]: Mounting Debug File System...
         Mounting Debug File System...
[    5.485220] systemd[1]: Starting Nameserver information manager...
         Starting Nameserver information manager...
[    5.486604] systemd[1]: Starting Set console keymap...
         [    5.487379] Loading iSCSI transport class v2.0-870.
Starting Set console keymap...
[    5.488279] systemd[1]: Starting File System Check on Root Device...
         Starting File System Check on Root Device...
[    5.491183] systemd[1]: Mounting Huge Pages File System...
         Mounting Huge Pages File System...
[    5.493544] systemd[1]: Created slice User and Session Slice.
[[0;32m  OK  [0m] Created slice User and Session Slice.
[    5.495608] systemd[1]: Listening on udev Kernel Socket.
[[0;32m  OK  [0m] Listening on udev Kernel Socket.
[    5.497102] systemd[1]: Starting Journal Service...
         Starting Journal Service...
[    5.498106] systemd[1]: Started Forward Password Requests to Wall Directory Watch.
[[0;32m  OK  [0m] Started Forward Password Requests to Wall Directory Watch.
[    5.499897] systemd[1]: Reached target Slices.
[[0;32m  OK  [0m] Reached target Slices.
[    5.501190] systemd[1]: Listening on Device-mapper event daemon FIFOs.
[[0;32m  OK  [0m] Listening on Device-mapper event daemon FIFOs.
[    5.503278] systemd[1]: Starting Monitoring of LVM2 mirrors, snapshots etc. using dmeventd or progress polling...
         Starting Monitoring of LVM2 mirrors... dmeventd or progress polling...
[    5.504856] systemd[1]: Listening on udev Control Socket.
[[0;32m  OK  [0m] Listening on udev Control Socket.
[    5.506683] systemd[1]: Mounted Huge Pages File System.
[[0;32m  OK  [0m] Mounted Huge Pages File System.
[    5.508053] systemd[1]: Mounted POSIX Message Queue File System.
[[0;32m  OK  [0m] Mounted POSIX Message Queue File System.
[    5.509298] systemd[1]: Mounted Debug File System.
[    5.509606] iscsi: registered transport (tcp)
[[0;32m  OK  [0m] Mounted Debug File System.
[    5.511122] systemd[1]: Started Uncomplicated firewall.
[[0;32m  OK  [0m] Started Uncomplicated firewall.
[    5.514912] systemd[1]: Started Create list of required static device nodes for the current kernel.
[[0;32m  OK  [0m] Started Create list of required sta...ce nodes for the current kernel.
[    5.517510] systemd[1]: Started Journal Service.
[[0;32m  OK  [0m] Started Journal Service.
[[0;32m  OK  [0m] Started Nameserver information manager.
[[0;32m  OK  [0m] Started File System Check Daemon to report status.
         Starting Create Static Device Nodes in /dev...
[[0;32m  OK  [0m] Started File System Check on Root Device.
         Starting Remount Root and Kernel File Systems...
[    5.526463] EXT4-fs (sda1): re-mounted. Opts: (null)
[[0;32m  OK  [0m] Started Remount Root and Kernel File Systems.
         Starting Load/Save Random Seed...
         Starting udev Coldplug all Devices...
         Starting Flush Journal to Persistent Storage...
[[0;32m  OK  [0m] Started LVM2 metadata daemon.
[[0;32m  OK  [0m] Started Load/Save Random Seed.
[[0;32m  OK  [0m] Started Create Static Device Nodes in /dev.
         Starting udev Kernel Device Manager...
[    5.543472] systemd-journald[401]: Received request to flush runtime journal from PID 1
[[0;32m  OK  [0m] Started Flush Journal to Persistent Storage.
[    5.569477] iscsi: registered transport (iser)
[[0;32m  OK  [0m] Started Load Kernel Modules.
[[0;32m  OK  [0m] Started udev Kernel Device Manager.
         Starting Apply Kernel Variables...
         Mounting FUSE Control File System...
[[0;32m  OK  [0m] Mounted FUSE Control File System.
[[0;32m  OK  [0m] Started Apply Kernel Variables.
[[0;32m  OK  [0m] Started Set console keymap.
[[0;32m  OK  [0m] Started udev Coldplug all Devices.
[[0;32m  OK  [0m] Started Dispatch Password Requests to Console Directory Watch.
[[0;32m  OK  [0m] Found device /dev/ttyS0.
[[0;32m  OK  [0m] Listening on Load/Save RF Kill Switch Status /dev/rfkill Watch.
[[0;32m  OK  [0m] Found device 82540EM Gigabit Ethern...r (PRO/1000 MT Desktop Adapter).
[[0;32m  OK  [0m] Found device 82540EM Gigabit Ethern...r (PRO/1000 MT Desktop Adapter).
[[0;32m  OK  [0m] Started Monitoring of LVM2 mirrors,...ng dmeventd or progress polling.
[[0;32m  OK  [0m] Reached target Local File Systems (Pre).
[[0;32m  OK  [0m] Reached target Local File Systems.
         Starting Set console font and keymap...
         Starting Initial cloud-init job (pre-networking)...
         Starting Create Volatile Files and Directories...
         Starting Tell Plymouth To Write Out Runtime Data...
         Starting LSB: AppArmor initialization...
[[0;32m  OK  [0m] Started Tell Plymouth To Write Out Runtime Data.
[[0;32m  OK  [0m] Started LSB: AppArmor initialization.
[[0;32m  OK  [0m] Started Create Volatile Files and Directories.
         Starting Update UTMP about System Boot/Shutdown...
         Starting Load AppArmor profiles managed internally by snapd...
[[0;32m  OK  [0m] Started Update UTMP about System Boot/Shutdown.
[[0;32m  OK  [0m] Started Load AppArmor profiles managed internally by snapd.
[[0;32m  OK  [0m] Started Set console font and keymap.
[[0;32m  OK  [0m] Created slice system-getty.slice.
[    6.346562] cloud-init[652]: Cloud-init v. 21.1-19-gbad84ad4-0ubuntu1~16.04.2 running 'init-local' at Mon, 15 Aug 2022 17:04:42 +0000. Up 6.21 seconds.
[[0;32m  OK  [0m] Started Initial cloud-init job (pre-networking).
[[0;32m  OK  [0m] Reached target Network (Pre).
         Starting Raise network interfaces...
[[0;32m  OK  [0m] Started ifup for enp0s3.
[[0;32m  OK  [0m] Started ifup for enp0s8.
[[0;32m  OK  [0m] Started Raise network interfaces.
[[0;32m  OK  [0m] Reached target Network.
         Starting Initial cloud-init job (metadata service crawler)...
[    6.753786] cloud-init[1085]: Cloud-init v. 21.1-19-gbad84ad4-0ubuntu1~16.04.2 running 'init' at Mon, 15 Aug 2022 17:04:42 +0000. Up 6.63 seconds.
[    6.754839] cloud-init[1085]: ci-info: ++++++++++++++++++++++++++++++++++++++Net device info+++++++++++++++++++++++++++++++++++++++
[    6.755733] cloud-init[1085]: ci-info: +--------+------+-----------------------------+---------------+--------+-------------------+
[    6.756578] cloud-init[1085]: ci-info: | Device |  Up  |           Address           |      Mask     | Scope  |     Hw-Address    |
[    6.757452] cloud-init[1085]: ci-info: +--------+------+-----------------------------+---------------+--------+-------------------+
[    6.758318] cloud-init[1085]: ci-info: | enp0s3 | True |          10.0.2.15          | 255.255.255.0 | global | 02:be:82:6b:cc:1d |
[    6.759163] cloud-init[1085]: ci-info: | enp0s3 | True |  fe80::be:82ff:fe6b:cc1d/64 |       .       |  link  | 02:be:82:6b:cc:1d |
[    6.760036] cloud-init[1085]: ci-info: | enp0s8 | True |        192.168.10.100       | 255.255.255.0 | global | 08:00:27:5b:13:1b |
[    6.760909] cloud-init[1085]: ci-info: | enp0s8 | True | fe80::a00:27ff:fe5b:131b/64 |       .       |  link  | 08:00:27:5b:13:1b |
[    6.761784] cloud-init[1085]: ci-info: |   lo   | True |          127.0.0.1          |   255.0.0.0   |  host  |         .         |
[    6.762674] cloud-init[1085]: ci-info: |   lo   | True |           ::1/128           |       .       |  host  |         .         |
[    6.763563] cloud-init[1085]: ci-info: +--------+------+-----------------------------+---------------+--------+-------------------+
[    6.764437] cloud-init[1085]: ci-info: ++++++++++++++++++++++++++++Route IPv4 info++++++++++++++++++++++++++++
[    6.765221] cloud-init[1085]: ci-info: +-------+--------------+----------+---------------+-----------+-------+
[    6.766007] cloud-init[1085]: ci-info: | Route | Destination  | Gateway  |    Genmask    | Interface | Flags |
[    6.766800] cloud-init[1085]: ci-info: +-------+--------------+----------+---------------+-----------+-------+
[    6.767529] cloud-init[1085]: ci-info: |   0   |   0.0.0.0    | 10.0.2.2 |    0.0.0.0    |   enp0s3  |   UG  |
[    6.768302] cloud-init[1085]: ci-info: |   1   |   10.0.2.0   | 0.0.0.0  | 255.255.255.0 |   enp0s3  |   U   |
[    6.769021] cloud-init[1085]: ci-info: |   2   | 192.168.10.0 | 0.0.0.0  | 255.255.255.0 |   enp0s8  |   U   |
[    6.769811] cloud-init[1085]: ci-info: +-------+--------------+----------+---------------+-----------+-------+
[    6.770619] cloud-init[1085]: ci-info: +++++++++++++++++++Route IPv6 info+++++++++++++++++++
[    6.771498] cloud-init[1085]: ci-info: +-------+-------------+---------+-----------+-------+
[    6.772386] cloud-init[1085]: ci-info: | Route | Destination | Gateway | Interface | Flags |
[    6.773067] cloud-init[1085]: ci-info: +-------+-------------+---------+-----------+-------+
[    6.773767] cloud-init[1085]: ci-info: |   0   |  fe80::/64  |    ::   |   enp0s8  |   U   |
[    6.774428] cloud-init[1085]: ci-info: |   1   |  fe80::/64  |    ::   |   enp0s3  |   U   |
[    6.781166] cloud-init[1085]: ci-info: |   4   |   ff00::/8  |    ::   |   enp0s8  |   U   |
[    6.782037] cloud-init[1085]: ci-info: |   5   |   ff00::/8  |    ::   |   enp0s3  |   U   |
[    6.782639] cloud-init[1085]: ci-info: +-------+-------------+---------+-----------+-------+
[[0;32m  OK  [0m] Started Initial cloud-init job (metadata service crawler).
[[0;32m  OK  [0m] Reached target Cloud-config availability.
[[0;32m  OK  [0m] Reached target System Initialization.
[[0;32m  OK  [0m] Listening on UUID daemon activation socket.
[[0;32m  OK  [0m] Started Message of the Day.
[[0;32m  OK  [0m] Started Ubuntu Advantage Timer for running repeated jobs.
[[0;32m  OK  [0m] Started Daily apt download activities.
[[0;32m  OK  [0m] Listening on ACPID Listen Socket.
[[0;32m  OK  [0m] Listening on D-Bus System Message Bus Socket.
[[0;32m  OK  [0m] Started ACPI Events Check.
[[0;32m  OK  [0m] Reached target Paths.
[[0;32m  OK  [0m] Started Daily apt upgrade and clean activities.
         Starting LXD - unix socket.
         Starting Socket activation for snappy daemon.
[[0;32m  OK  [0m] Started Daily Cleanup of Temporary Directories.
[[0;32m  OK  [0m] Reached target Timers.
[[0;32m  OK  [0m] Reached target Network is Online.
         Starting iSCSI initiator daemon (iscsid)...
[[0;32m  OK  [0m] Listening on LXD - unix socket.
[[0;32m  OK  [0m] Listening on Socket activation for snappy daemon.
[[0;32m  OK  [0m] Reached target Sockets.
[[0;32m  OK  [0m] Reached target Basic System.
[[0;32m  OK  [0m] Started Deferred execution scheduler.
[[0;32m  OK  [0m] Started D-Bus System Message Bus.
         Starting LXD - container startup/shutdown...
[[0;32m  OK  [0m] Started Regular background program processing daemon.
         Starting Snap Daemon...
         Starting Virtualbox guest utils...
[[0;32m  OK  [0m] Started ACPI event daemon.
         Starting /etc/rc.local Compatibility...
         Starting OpenBSD Secure Shell server...
         Starting A high performance web server and a reverse proxy server...
         Starting LSB: MD monitoring daemon...
         Starting System Logging Service...
[[0;32m  OK  [0m] Started FUSE filesystem for LXC.
         Starting Login Service...
         Starting Accounts Service...
         Starting LSB: Record successful boot for GRUB...
[[0;32m  OK  [0m] Started /etc/rc.local Compatibility.
[[0;32m  OK  [0m] Started Login Service.
[[0;32m  OK  [0m] Started Unattended Upgrades Shutdown.
[[0;32m  OK  [0m] Started System Logging Service.
[[0;32m  OK  [0m] Started iSCSI initiator daemon (iscsid).
         Starting Login to default iSCSI targets...
[[0;32m  OK  [0m] Started Login to default iSCSI targets.
[[0;32m  OK  [0m] Reached target Remote File Systems (Pre).
         Mounting /home/vagrant/app...
[[0;1;31mFAILED[0m] Failed to mount /home/vagrant/app.
See 'systemctl status home-vagrant-app.mount' for details.
[[0;1;33mDEPEND[0m] Dependency failed for Remote File Systems.
[[0;32m  OK  [0m] Started LSB: MD monitoring daemon.
         Starting LSB: Set the CPU Frequency Scaling governor to "ondemand"...
         Starting LSB: daemon to balance interrupts for SMP systems...
         Starting Permit User Sessions...
         Starting LSB: automatic crash report generation...
         Starting Authenticate and Authorize Users to Run Privileged Tasks...
[[0;32m  OK  [0m] Started Permit User Sessions.
         Starting Terminate Plymouth Boot Screen...
         Starting Hold until boot process finishes up...
[[0;32m  OK  [0m] Started Hold until boot process finishes up.
[[0;32m  OK  [0m] Started Serial Getty on ttyS0.
[[0;32m  OK  [0m] Started Getty on tty1.
[[0;32m  OK  [0m] Reached target Login Prompts.
         Starting Set console scheme...
[[0;32m  OK  [0m] Started LSB: Record successful boot for GRUB.
[[0;32m  OK  [0m] Started LSB: Set the CPU Frequency Scaling governor to "ondemand".
[[0;32m  OK  [0m] Started Terminate Plymouth Boot Screen.
[[0;32m  OK  [0m] Started Set console scheme.
[[0;32m  OK  [0m] Started OpenBSD Secure Shell server.
[[0;32m  OK  [0m] Started LSB: daemon to balance interrupts for SMP systems.
[[0;32m  OK  [0m] Started Authenticate and Authorize Users to Run Privileged Tasks.
[[0;32m  OK  [0m] Started Accounts Service.
[[0;32m  OK  [0m] Started A high performance web server and a reverse proxy server.
[[0;32m  OK  [0m] Started LSB: automatic crash report generation.
[[0;32m  OK  [0m] Started Virtualbox guest utils.
[[0;32m  OK  [0m] Started LXD - container startup/shutdown.
[[0;32m  OK  [0m] Started Snap Daemon.
         Starting Wait until snapd is fully seeded...
[[0;32m  OK  [0m] Started Wait until snapd is fully seeded.
         Starting Apply the settings specified in cloud-config...
[    7.305430] cloud-init[1346]: Cloud-init v. 21.1-19-gbad84ad4-0ubuntu1~16.04.2 running 'modules:config' at Mon, 15 Aug 2022 17:04:43 +0000. Up 7.25 seconds.
[[0;32m  OK  [0m] Started Apply the settings specified in cloud-config.
         Starting cloud-id shim...
[[0;32m  OK  [0m] Started cloud-id shim.
[[0;32m  OK  [0m] Reached target Multi-User System.
         Starting Execute cloud user/final scripts...
[[0;32m  OK  [0m] Reached target Graphical Interface.
         Starting Update UTMP about System Runlevel Changes...
[[0;32m  OK  [0m] Started Update UTMP about System Runlevel Changes.
[    7.685784] cloud-init[1362]: Cloud-init v. 21.1-19-gbad84ad4-0ubuntu1~16.04.2 running 'modules:final' at Mon, 15 Aug 2022 17:04:43 +0000. Up 7.63 seconds.
[    7.686976] cloud-init[1362]: Cloud-init v. 21.1-19-gbad84ad4-0ubuntu1~16.04.2 finished at Mon, 15 Aug 2022 17:04:43 +0000. Datasource DataSourceNoCloud [seed=/dev/sdb][dsmode=net].  Up 7.68 seconds
[[0;32m  OK  [0m] Started Execute cloud user/final scripts.
[[0;32m  OK  [0m] Reached target Cloud-init target.

Ubuntu 16.04.7 LTS ubuntu-xenial ttyS0

ubuntu-xenial login: 